Archive member included because of file (symbol)

c:/winavr-20100110/bin/../lib/gcc/avr/4.3.3/avrxmega2\libgcc.a(_exit.o)
                              c:/winavr-20100110/bin/../lib/gcc/avr/4.3.3/../../../../avr/lib/avrxmega2/crtx16a4.o (exit)
c:/winavr-20100110/bin/../lib/gcc/avr/4.3.3/avrxmega2\libgcc.a(_clear_bss.o)
                              xboot.o (__do_clear_bss)

Allocating common symbols
Common symbol       size              file

comm_mode           0x1               xboot.o

Memory Configuration

Name             Origin             Length             Attributes
text             0x00000000         0x00100000         xr
data             0x00802000         0x0000ffa0         rw !x
eeprom           0x00810000         0x00010000         rw !x
fuse             0x00820000         0x00000400         rw !x
lock             0x00830000         0x00000400         rw !x
signature        0x00840000         0x00000400         rw !x
*default*        0x00000000         0xffffffff

Linker script and memory map

LOAD c:/winavr-20100110/bin/../lib/gcc/avr/4.3.3/../../../../avr/lib/avrxmega2/crtx16a4.o
LOAD xboot.o
LOAD eeprom_driver.o
LOAD uart.o
LOAD i2c.o
LOAD fifo.o
LOAD watchdog.o
LOAD sp_driver.o
LOAD c:/winavr-20100110/bin/../lib/gcc/avr/4.3.3/../../../../avr/lib/avrxmega2\libm.a
Address of section .text set to 0x4000
LOAD c:/winavr-20100110/bin/../lib/gcc/avr/4.3.3/avrxmega2\libgcc.a
LOAD c:/winavr-20100110/bin/../lib/gcc/avr/4.3.3/../../../../avr/lib/avrxmega2\libc.a
LOAD c:/winavr-20100110/bin/../lib/gcc/avr/4.3.3/avrxmega2\libgcc.a

.hash
 *(.hash)

.dynsym
 *(.dynsym)

.dynstr
 *(.dynstr)

.gnu.version
 *(.gnu.version)

.gnu.version_d
 *(.gnu.version_d)

.gnu.version_r
 *(.gnu.version_r)

.rel.init
 *(.rel.init)

.rela.init
 *(.rela.init)

.rel.text
 *(.rel.text)
 *(.rel.text.*)
 *(.rel.gnu.linkonce.t*)

.rela.text
 *(.rela.text)
 *(.rela.text.*)
 *(.rela.gnu.linkonce.t*)

.rel.fini
 *(.rel.fini)

.rela.fini
 *(.rela.fini)

.rel.rodata
 *(.rel.rodata)
 *(.rel.rodata.*)
 *(.rel.gnu.linkonce.r*)

.rela.rodata
 *(.rela.rodata)
 *(.rela.rodata.*)
 *(.rela.gnu.linkonce.r*)

.rel.data
 *(.rel.data)
 *(.rel.data.*)
 *(.rel.gnu.linkonce.d*)

.rela.data
 *(.rela.data)
 *(.rela.data.*)
 *(.rela.gnu.linkonce.d*)

.rel.ctors
 *(.rel.ctors)

.rela.ctors
 *(.rela.ctors)

.rel.dtors
 *(.rel.dtors)

.rela.dtors
 *(.rela.dtors)

.rel.got
 *(.rel.got)

.rela.got
 *(.rela.got)

.rel.bss
 *(.rel.bss)

.rela.bss
 *(.rela.bss)

.rel.plt
 *(.rel.plt)

.rela.plt
 *(.rela.plt)

.text           0x00004000      0xcca
 *(.vectors)
 .vectors       0x00004000      0x178 c:/winavr-20100110/bin/../lib/gcc/avr/4.3.3/../../../../avr/lib/avrxmega2/crtx16a4.o
                0x00004000                __vectors
                0x00004000                __vector_default
 *(.vectors)
 *(.progmem.gcc*)
 *(.progmem*)
                0x00004178                . = ALIGN (0x2)
                0x00004178                __trampolines_start = .
 *(.trampolines)
 .trampolines   0x00004178        0x0 linker stubs
 *(.trampolines*)
                0x00004178                __trampolines_end = .
 *(.jumptables)
 *(.jumptables*)
 *(.lowtext)
 *(.lowtext*)
                0x00004178                __ctors_start = .
 *(.ctors)
                0x00004178                __ctors_end = .
                0x00004178                __dtors_start = .
 *(.dtors)
                0x00004178                __dtors_end = .
 SORT(*)(.ctors)
 SORT(*)(.dtors)
 *(.init0)
 .init0         0x00004178        0x0 c:/winavr-20100110/bin/../lib/gcc/avr/4.3.3/../../../../avr/lib/avrxmega2/crtx16a4.o
                0x00004178                __init
 *(.init0)
 *(.init1)
 *(.init1)
 *(.init2)
 .init2         0x00004178        0xc c:/winavr-20100110/bin/../lib/gcc/avr/4.3.3/../../../../avr/lib/avrxmega2/crtx16a4.o
 *(.init2)
 *(.init3)
 *(.init3)
 *(.init4)
 .init4         0x00004184       0x10 c:/winavr-20100110/bin/../lib/gcc/avr/4.3.3/avrxmega2\libgcc.a(_clear_bss.o)
                0x00004184                __do_clear_bss
 *(.init4)
 *(.init5)
 *(.init5)
 *(.init6)
 *(.init6)
 *(.init7)
 *(.init7)
 *(.init8)
 *(.init8)
 *(.init9)
 .init9         0x00004194        0x8 c:/winavr-20100110/bin/../lib/gcc/avr/4.3.3/../../../../avr/lib/avrxmega2/crtx16a4.o
 *(.init9)
 *(.text)
 .text          0x0000419c        0x4 c:/winavr-20100110/bin/../lib/gcc/avr/4.3.3/../../../../avr/lib/avrxmega2/crtx16a4.o
                0x0000419c                __vector_38
                0x0000419c                __vector_22
                0x0000419c                __vector_63
                0x0000419c                __vector_28
                0x0000419c                __vector_67
                0x0000419c                __vector_1
                0x0000419c                __vector_32
                0x0000419c                __vector_75
                0x0000419c                __vector_71
                0x0000419c                __vector_91
                0x0000419c                __vector_34
                0x0000419c                __vector_62
                0x0000419c                __vector_77
                0x0000419c                __vector_24
                0x0000419c                __vector_12
                0x0000419c                __vector_55
                0x0000419c                __vector_69
                0x0000419c                __vector_81
                0x0000419c                __vector_90
                0x0000419c                __vector_46
                0x0000419c                __bad_interrupt
                0x0000419c                __vector_72
                0x0000419c                __vector_6
                0x0000419c                __vector_31
                0x0000419c                __vector_92
                0x0000419c                __vector_35
                0x0000419c                __vector_78
                0x0000419c                __vector_74
                0x0000419c                __vector_39
                0x0000419c                __vector_3
                0x0000419c                __vector_23
                0x0000419c                __vector_68
                0x0000419c                __vector_30
                0x0000419c                __vector_73
                0x0000419c                __vector_45
                0x0000419c                __vector_25
                0x0000419c                __vector_93
                0x0000419c                __vector_61
                0x0000419c                __vector_11
                0x0000419c                __vector_54
                0x0000419c                __vector_13
                0x0000419c                __vector_17
                0x0000419c                __vector_19
                0x0000419c                __vector_56
                0x0000419c                __vector_7
                0x0000419c                __vector_49
                0x0000419c                __vector_41
                0x0000419c                __vector_86
                0x0000419c                __vector_64
                0x0000419c                __vector_88
                0x0000419c                __vector_43
                0x0000419c                __vector_27
                0x0000419c                __vector_5
                0x0000419c                __vector_33
                0x0000419c                __vector_76
                0x0000419c                __vector_47
                0x0000419c                __vector_52
                0x0000419c                __vector_37
                0x0000419c                __vector_89
                0x0000419c                __vector_4
                0x0000419c                __vector_44
                0x0000419c                __vector_82
                0x0000419c                __vector_51
                0x0000419c                __vector_9
                0x0000419c                __vector_2
                0x0000419c                __vector_21
                0x0000419c                __vector_15
                0x0000419c                __vector_66
                0x0000419c                __vector_36
                0x0000419c                __vector_79
                0x0000419c                __vector_58
                0x0000419c                __vector_70
                0x0000419c                __vector_83
                0x0000419c                __vector_29
                0x0000419c                __vector_60
                0x0000419c                __vector_40
                0x0000419c                __vector_85
                0x0000419c                __vector_8
                0x0000419c                __vector_26
                0x0000419c                __vector_48
                0x0000419c                __vector_80
                0x0000419c                __vector_14
                0x0000419c                __vector_84
                0x0000419c                __vector_57
                0x0000419c                __vector_53
                0x0000419c                __vector_10
                0x0000419c                __vector_50
                0x0000419c                __vector_16
                0x0000419c                __vector_59
                0x0000419c                __vector_18
                0x0000419c                __vector_20
                0x0000419c                __vector_42
                0x0000419c                __vector_87
                0x0000419c                __vector_65
 .text          0x000041a0      0x694 xboot.o
                0x000041be                send_char
                0x000041a0                get_char
                0x000041e2                get_2bytes
                0x00004328                BlockLoad
                0x000044b2                main
                0x000041f2                BlockRead
 .text          0x00004834      0x202 eeprom_driver.o
                0x00004834                EEPROM_ReadByte
                0x00004882                EEPROM_WaitForNVM
                0x00004914                EEPROM_LoadByte
                0x000049d6                EEPROM_SplitWritePage
                0x0000495a                EEPROM_AtomicWritePage
                0x00004932                EEPROM_LoadPage
                0x00004a14                EEPROM_EraseAll
                0x0000488c                EEPROM_FlushBuffer
                0x00004998                EEPROM_ErasePage
                0x000048b6                EEPROM_WriteByte
 .text          0x00004a36       0x24 uart.o
                0x00004a36                uart_init
                0x00004a52                uart_deinit
 .text          0x00004a5a       0x1a i2c.o
                0x00004a6c                i2c_deinit
                0x00004a5a                i2c_init
 .text          0x00004a74       0xfc fifo.o
                0x00004a74                fifo_init
                0x00004a84                fifo_deinit
                0x00004a96                fifo_cur_char
                0x00004acc                fifo_send_char
                0x00004b1a                fifo_send_char_blocking
 .text          0x00004b70       0x26 watchdog.o
                0x00004b70                WDT_EnableAndSetTimeout
                0x00004b84                WDT_Disable
 .text          0x00004b96      0x130 sp_driver.o
                0x00004c7a                SP_BootCRC
                0x00004bb4                SP_ReadUserSignatureByte
                0x00004bec                SP_EraseApplicationSection
                0x00004c3e                SP_EraseWriteApplicationPage
                0x00004c5e                SP_WriteBootPage
                0x00004c06                SP_LoadFlashWord
                0x00004bd6                SP_ReadLockBits
                0x00004be4                SP_WriteUserSignatureRow
                0x00004c6a                SP_EraseWriteBootPage
                0x00004c76                SP_ApplicationCRC
                0x00004bfa                SP_EraseApplicationPage
                0x00004c52                SP_EraseBootPage
                0x00004bce                SP_WriteLockBits
                0x00004bb0                SP_ReadCalibrationByte
                0x00004ba2                SP_ReadWord
                0x00004c32                SP_WriteApplicationPage
                0x00004bdc                SP_EraseUserSignatureRow
                0x00004c7e                SP_LockSPM
                0x00004c10                SP_ReadFlashPage
                0x00004b96                SP_ReadByte
                0x00004bb8                SP_ReadFuseByte
                0x00004c4a                SP_EraseFlashBuffer
                0x00004c8c                SP_WaitForSPM
 .text          0x00004cc6        0x0 c:/winavr-20100110/bin/../lib/gcc/avr/4.3.3/avrxmega2\libgcc.a(_exit.o)
 .text          0x00004cc6        0x0 c:/winavr-20100110/bin/../lib/gcc/avr/4.3.3/avrxmega2\libgcc.a(_clear_bss.o)
                0x00004cc6                . = ALIGN (0x2)
 *(.text.*)
 .text.libgcc   0x00004cc6        0x0 c:/winavr-20100110/bin/../lib/gcc/avr/4.3.3/avrxmega2\libgcc.a(_exit.o)
 .text.libgcc   0x00004cc6        0x0 c:/winavr-20100110/bin/../lib/gcc/avr/4.3.3/avrxmega2\libgcc.a(_clear_bss.o)
                0x00004cc6                . = ALIGN (0x2)
 *(.fini9)
 .fini9         0x00004cc6        0x0 c:/winavr-20100110/bin/../lib/gcc/avr/4.3.3/avrxmega2\libgcc.a(_exit.o)
                0x00004cc6                exit
                0x00004cc6                _exit
 *(.fini9)
 *(.fini8)
 *(.fini8)
 *(.fini7)
 *(.fini7)
 *(.fini6)
 *(.fini6)
 *(.fini5)
 *(.fini5)
 *(.fini4)
 *(.fini4)
 *(.fini3)
 *(.fini3)
 *(.fini2)
 *(.fini2)
 *(.fini1)
 *(.fini1)
 *(.fini0)
 .fini0         0x00004cc6        0x4 c:/winavr-20100110/bin/../lib/gcc/avr/4.3.3/avrxmega2\libgcc.a(_exit.o)
 *(.fini0)
                0x00004cca                _etext = .

.BOOT           0x00004cca       0x3a
 .BOOT          0x00004cca       0x3a sp_driver.o
                0x00004cca                SP_LoadFlashPage

.data           0x00802000        0x0 load address 0x00004cca
                0x00802000                PROVIDE (__data_start, .)
 *(.data)
 .data          0x00802000        0x0 c:/winavr-20100110/bin/../lib/gcc/avr/4.3.3/../../../../avr/lib/avrxmega2/crtx16a4.o
 .data          0x00802000        0x0 xboot.o
 .data          0x00802000        0x0 eeprom_driver.o
 .data          0x00802000        0x0 uart.o
 .data          0x00802000        0x0 i2c.o
 .data          0x00802000        0x0 fifo.o
 .data          0x00802000        0x0 watchdog.o
 .data          0x00802000        0x0 sp_driver.o
 .data          0x00802000        0x0 c:/winavr-20100110/bin/../lib/gcc/avr/4.3.3/avrxmega2\libgcc.a(_exit.o)
 .data          0x00802000        0x0 c:/winavr-20100110/bin/../lib/gcc/avr/4.3.3/avrxmega2\libgcc.a(_clear_bss.o)
 *(.data*)
 *(.rodata)
 *(.rodata*)
 *(.gnu.linkonce.d*)
                0x00802000                . = ALIGN (0x2)
                0x00802000                _edata = .
                0x00802000                PROVIDE (__data_end, .)

.bss            0x00802000        0x1
                0x00802000                PROVIDE (__bss_start, .)
 *(.bss)
 .bss           0x00802000        0x0 c:/winavr-20100110/bin/../lib/gcc/avr/4.3.3/../../../../avr/lib/avrxmega2/crtx16a4.o
 .bss           0x00802000        0x0 xboot.o
 .bss           0x00802000        0x0 eeprom_driver.o
 .bss           0x00802000        0x0 uart.o
 .bss           0x00802000        0x0 i2c.o
 .bss           0x00802000        0x0 fifo.o
 .bss           0x00802000        0x0 watchdog.o
 .bss           0x00802000        0x0 sp_driver.o
 .bss           0x00802000        0x0 c:/winavr-20100110/bin/../lib/gcc/avr/4.3.3/avrxmega2\libgcc.a(_exit.o)
 .bss           0x00802000        0x0 c:/winavr-20100110/bin/../lib/gcc/avr/4.3.3/avrxmega2\libgcc.a(_clear_bss.o)
 *(.bss*)
 *(COMMON)
 COMMON         0x00802000        0x1 xboot.o
                0x00802000                comm_mode
                0x00802001                PROVIDE (__bss_end, .)
                0x00004cca                __data_load_start = LOADADDR (.data)
                0x00004cca                __data_load_end = (__data_load_start + SIZEOF (.data))

.noinit         0x00802001        0x0
                0x00802001                PROVIDE (__noinit_start, .)
 *(.noinit*)
                0x00802001                PROVIDE (__noinit_end, .)
                0x00802001                _end = .
                0x00802001                PROVIDE (__heap_start, .)

.eeprom         0x00810000        0x0
 *(.eeprom*)
                0x00810000                __eeprom_end = .

.fuse
 *(.fuse)
 *(.lfuse)
 *(.hfuse)
 *(.efuse)

.lock
 *(.lock*)

.signature
 *(.signature*)

.stab           0x00000000     0x3258
 *(.stab)
 .stab          0x00000000     0x1b9c xboot.o
 .stab          0x00001b9c      0x6c0 eeprom_driver.o
                               0x17ac (size before relaxing)
 .stab          0x0000225c      0x1c8 uart.o
                               0x12b4 (size before relaxing)
 .stab          0x00002424      0x1c8 i2c.o
                               0x12b4 (size before relaxing)
 .stab          0x000025ec      0x384 fifo.o
                               0x1470 (size before relaxing)
 .stab          0x00002970      0x1d4 watchdog.o
                               0x12c0 (size before relaxing)
 .stab          0x00002b44      0x714 sp_driver.o
                                0x720 (size before relaxing)

.stabstr        0x00000000     0xb5f6
 *(.stabstr)
 .stabstr       0x00000000     0xb5f6 xboot.o

.stab.excl
 *(.stab.excl)

.stab.exclstr
 *(.stab.exclstr)

.stab.index
 *(.stab.index)

.stab.indexstr
 *(.stab.indexstr)

.comment
 *(.comment)

.debug
 *(.debug)

.line
 *(.line)

.debug_srcinfo
 *(.debug_srcinfo)

.debug_sfnames
 *(.debug_sfnames)

.debug_aranges
 *(.debug_aranges)

.debug_pubnames
 *(.debug_pubnames)

.debug_info
 *(.debug_info)
 *(.gnu.linkonce.wi.*)

.debug_abbrev
 *(.debug_abbrev)

.debug_line
 *(.debug_line)

.debug_frame
 *(.debug_frame)

.debug_str
 *(.debug_str)

.debug_loc
 *(.debug_loc)

.debug_macinfo
 *(.debug_macinfo)
OUTPUT(xboot.elf elf32-avr)
LOAD linker stubs

Cross Reference Table

Symbol                                            File
BlockLoad                                         xboot.o
BlockRead                                         xboot.o
EEPROM_AtomicWritePage                            eeprom_driver.o
EEPROM_EraseAll                                   eeprom_driver.o
                                                  xboot.o
EEPROM_ErasePage                                  eeprom_driver.o
EEPROM_FlushBuffer                                eeprom_driver.o
                                                  xboot.o
EEPROM_LoadByte                                   eeprom_driver.o
EEPROM_LoadPage                                   eeprom_driver.o
                                                  xboot.o
EEPROM_ReadByte                                   eeprom_driver.o
                                                  xboot.o
EEPROM_SplitWritePage                             eeprom_driver.o
EEPROM_WaitForNVM                                 eeprom_driver.o
EEPROM_WriteByte                                  eeprom_driver.o
                                                  xboot.o
SP_ApplicationCRC                                 sp_driver.o
SP_BootCRC                                        sp_driver.o
SP_EraseApplicationPage                           sp_driver.o
SP_EraseApplicationSection                        sp_driver.o
                                                  xboot.o
SP_EraseBootPage                                  sp_driver.o
SP_EraseFlashBuffer                               sp_driver.o
SP_EraseUserSignatureRow                          sp_driver.o
                                                  xboot.o
SP_EraseWriteApplicationPage                      sp_driver.o
SP_EraseWriteBootPage                             sp_driver.o
SP_LoadFlashPage                                  sp_driver.o
SP_LoadFlashWord                                  sp_driver.o
                                                  xboot.o
SP_LockSPM                                        sp_driver.o
SP_ReadByte                                       sp_driver.o
                                                  xboot.o
SP_ReadCalibrationByte                            sp_driver.o
                                                  xboot.o
SP_ReadFlashPage                                  sp_driver.o
SP_ReadFuseByte                                   sp_driver.o
                                                  xboot.o
SP_ReadLockBits                                   sp_driver.o
                                                  xboot.o
SP_ReadUserSignatureByte                          sp_driver.o
                                                  xboot.o
SP_ReadWord                                       sp_driver.o
SP_WaitForSPM                                     sp_driver.o
                                                  xboot.o
SP_WriteApplicationPage                           sp_driver.o
                                                  xboot.o
SP_WriteBootPage                                  sp_driver.o
SP_WriteLockBits                                  sp_driver.o
                                                  xboot.o
SP_WriteUserSignatureRow                          sp_driver.o
                                                  xboot.o
WDT_Disable                                       watchdog.o
WDT_EnableAndSetTimeout                           watchdog.o
__bad_interrupt                                   c:/winavr-20100110/bin/../lib/gcc/avr/4.3.3/../../../../avr/lib/avrxmega2/crtx16a4.o
__bss_end                                         c:/winavr-20100110/bin/../lib/gcc/avr/4.3.3/avrxmega2\libgcc.a(_clear_bss.o)
__bss_start                                       c:/winavr-20100110/bin/../lib/gcc/avr/4.3.3/avrxmega2\libgcc.a(_clear_bss.o)
__do_clear_bss                                    c:/winavr-20100110/bin/../lib/gcc/avr/4.3.3/avrxmega2\libgcc.a(_clear_bss.o)
                                                  xboot.o
__heap_end                                        c:/winavr-20100110/bin/../lib/gcc/avr/4.3.3/../../../../avr/lib/avrxmega2/crtx16a4.o
__init                                            c:/winavr-20100110/bin/../lib/gcc/avr/4.3.3/../../../../avr/lib/avrxmega2/crtx16a4.o
__stack                                           c:/winavr-20100110/bin/../lib/gcc/avr/4.3.3/../../../../avr/lib/avrxmega2/crtx16a4.o
__vector_1                                        c:/winavr-20100110/bin/../lib/gcc/avr/4.3.3/../../../../avr/lib/avrxmega2/crtx16a4.o
__vector_10                                       c:/winavr-20100110/bin/../lib/gcc/avr/4.3.3/../../../../avr/lib/avrxmega2/crtx16a4.o
__vector_11                                       c:/winavr-20100110/bin/../lib/gcc/avr/4.3.3/../../../../avr/lib/avrxmega2/crtx16a4.o
__vector_12                                       c:/winavr-20100110/bin/../lib/gcc/avr/4.3.3/../../../../avr/lib/avrxmega2/crtx16a4.o
__vector_13                                       c:/winavr-20100110/bin/../lib/gcc/avr/4.3.3/../../../../avr/lib/avrxmega2/crtx16a4.o
__vector_14                                       c:/winavr-20100110/bin/../lib/gcc/avr/4.3.3/../../../../avr/lib/avrxmega2/crtx16a4.o
__vector_15                                       c:/winavr-20100110/bin/../lib/gcc/avr/4.3.3/../../../../avr/lib/avrxmega2/crtx16a4.o
__vector_16                                       c:/winavr-20100110/bin/../lib/gcc/avr/4.3.3/../../../../avr/lib/avrxmega2/crtx16a4.o
__vector_17                                       c:/winavr-20100110/bin/../lib/gcc/avr/4.3.3/../../../../avr/lib/avrxmega2/crtx16a4.o
__vector_18                                       c:/winavr-20100110/bin/../lib/gcc/avr/4.3.3/../../../../avr/lib/avrxmega2/crtx16a4.o
__vector_19                                       c:/winavr-20100110/bin/../lib/gcc/avr/4.3.3/../../../../avr/lib/avrxmega2/crtx16a4.o
__vector_2                                        c:/winavr-20100110/bin/../lib/gcc/avr/4.3.3/../../../../avr/lib/avrxmega2/crtx16a4.o
__vector_20                                       c:/winavr-20100110/bin/../lib/gcc/avr/4.3.3/../../../../avr/lib/avrxmega2/crtx16a4.o
__vector_21                                       c:/winavr-20100110/bin/../lib/gcc/avr/4.3.3/../../../../avr/lib/avrxmega2/crtx16a4.o
__vector_22                                       c:/winavr-20100110/bin/../lib/gcc/avr/4.3.3/../../../../avr/lib/avrxmega2/crtx16a4.o
__vector_23                                       c:/winavr-20100110/bin/../lib/gcc/avr/4.3.3/../../../../avr/lib/avrxmega2/crtx16a4.o
__vector_24                                       c:/winavr-20100110/bin/../lib/gcc/avr/4.3.3/../../../../avr/lib/avrxmega2/crtx16a4.o
__vector_25                                       c:/winavr-20100110/bin/../lib/gcc/avr/4.3.3/../../../../avr/lib/avrxmega2/crtx16a4.o
__vector_26                                       c:/winavr-20100110/bin/../lib/gcc/avr/4.3.3/../../../../avr/lib/avrxmega2/crtx16a4.o
__vector_27                                       c:/winavr-20100110/bin/../lib/gcc/avr/4.3.3/../../../../avr/lib/avrxmega2/crtx16a4.o
__vector_28                                       c:/winavr-20100110/bin/../lib/gcc/avr/4.3.3/../../../../avr/lib/avrxmega2/crtx16a4.o
__vector_29                                       c:/winavr-20100110/bin/../lib/gcc/avr/4.3.3/../../../../avr/lib/avrxmega2/crtx16a4.o
__vector_3                                        c:/winavr-20100110/bin/../lib/gcc/avr/4.3.3/../../../../avr/lib/avrxmega2/crtx16a4.o
__vector_30                                       c:/winavr-20100110/bin/../lib/gcc/avr/4.3.3/../../../../avr/lib/avrxmega2/crtx16a4.o
__vector_31                                       c:/winavr-20100110/bin/../lib/gcc/avr/4.3.3/../../../../avr/lib/avrxmega2/crtx16a4.o
__vector_32                                       c:/winavr-20100110/bin/../lib/gcc/avr/4.3.3/../../../../avr/lib/avrxmega2/crtx16a4.o
__vector_33                                       c:/winavr-20100110/bin/../lib/gcc/avr/4.3.3/../../../../avr/lib/avrxmega2/crtx16a4.o
__vector_34                                       c:/winavr-20100110/bin/../lib/gcc/avr/4.3.3/../../../../avr/lib/avrxmega2/crtx16a4.o
__vector_35                                       c:/winavr-20100110/bin/../lib/gcc/avr/4.3.3/../../../../avr/lib/avrxmega2/crtx16a4.o
__vector_36                                       c:/winavr-20100110/bin/../lib/gcc/avr/4.3.3/../../../../avr/lib/avrxmega2/crtx16a4.o
__vector_37                                       c:/winavr-20100110/bin/../lib/gcc/avr/4.3.3/../../../../avr/lib/avrxmega2/crtx16a4.o
__vector_38                                       c:/winavr-20100110/bin/../lib/gcc/avr/4.3.3/../../../../avr/lib/avrxmega2/crtx16a4.o
__vector_39                                       c:/winavr-20100110/bin/../lib/gcc/avr/4.3.3/../../../../avr/lib/avrxmega2/crtx16a4.o
__vector_4                                        c:/winavr-20100110/bin/../lib/gcc/avr/4.3.3/../../../../avr/lib/avrxmega2/crtx16a4.o
__vector_40                                       c:/winavr-20100110/bin/../lib/gcc/avr/4.3.3/../../../../avr/lib/avrxmega2/crtx16a4.o
__vector_41                                       c:/winavr-20100110/bin/../lib/gcc/avr/4.3.3/../../../../avr/lib/avrxmega2/crtx16a4.o
__vector_42                                       c:/winavr-20100110/bin/../lib/gcc/avr/4.3.3/../../../../avr/lib/avrxmega2/crtx16a4.o
__vector_43                                       c:/winavr-20100110/bin/../lib/gcc/avr/4.3.3/../../../../avr/lib/avrxmega2/crtx16a4.o
__vector_44                                       c:/winavr-20100110/bin/../lib/gcc/avr/4.3.3/../../../../avr/lib/avrxmega2/crtx16a4.o
__vector_45                                       c:/winavr-20100110/bin/../lib/gcc/avr/4.3.3/../../../../avr/lib/avrxmega2/crtx16a4.o
__vector_46                                       c:/winavr-20100110/bin/../lib/gcc/avr/4.3.3/../../../../avr/lib/avrxmega2/crtx16a4.o
__vector_47                                       c:/winavr-20100110/bin/../lib/gcc/avr/4.3.3/../../../../avr/lib/avrxmega2/crtx16a4.o
__vector_48                                       c:/winavr-20100110/bin/../lib/gcc/avr/4.3.3/../../../../avr/lib/avrxmega2/crtx16a4.o
__vector_49                                       c:/winavr-20100110/bin/../lib/gcc/avr/4.3.3/../../../../avr/lib/avrxmega2/crtx16a4.o
__vector_5                                        c:/winavr-20100110/bin/../lib/gcc/avr/4.3.3/../../../../avr/lib/avrxmega2/crtx16a4.o
__vector_50                                       c:/winavr-20100110/bin/../lib/gcc/avr/4.3.3/../../../../avr/lib/avrxmega2/crtx16a4.o
__vector_51                                       c:/winavr-20100110/bin/../lib/gcc/avr/4.3.3/../../../../avr/lib/avrxmega2/crtx16a4.o
__vector_52                                       c:/winavr-20100110/bin/../lib/gcc/avr/4.3.3/../../../../avr/lib/avrxmega2/crtx16a4.o
__vector_53                                       c:/winavr-20100110/bin/../lib/gcc/avr/4.3.3/../../../../avr/lib/avrxmega2/crtx16a4.o
__vector_54                                       c:/winavr-20100110/bin/../lib/gcc/avr/4.3.3/../../../../avr/lib/avrxmega2/crtx16a4.o
__vector_55                                       c:/winavr-20100110/bin/../lib/gcc/avr/4.3.3/../../../../avr/lib/avrxmega2/crtx16a4.o
__vector_56                                       c:/winavr-20100110/bin/../lib/gcc/avr/4.3.3/../../../../avr/lib/avrxmega2/crtx16a4.o
__vector_57                                       c:/winavr-20100110/bin/../lib/gcc/avr/4.3.3/../../../../avr/lib/avrxmega2/crtx16a4.o
__vector_58                                       c:/winavr-20100110/bin/../lib/gcc/avr/4.3.3/../../../../avr/lib/avrxmega2/crtx16a4.o
__vector_59                                       c:/winavr-20100110/bin/../lib/gcc/avr/4.3.3/../../../../avr/lib/avrxmega2/crtx16a4.o
__vector_6                                        c:/winavr-20100110/bin/../lib/gcc/avr/4.3.3/../../../../avr/lib/avrxmega2/crtx16a4.o
__vector_60                                       c:/winavr-20100110/bin/../lib/gcc/avr/4.3.3/../../../../avr/lib/avrxmega2/crtx16a4.o
__vector_61                                       c:/winavr-20100110/bin/../lib/gcc/avr/4.3.3/../../../../avr/lib/avrxmega2/crtx16a4.o
__vector_62                                       c:/winavr-20100110/bin/../lib/gcc/avr/4.3.3/../../../../avr/lib/avrxmega2/crtx16a4.o
__vector_63                                       c:/winavr-20100110/bin/../lib/gcc/avr/4.3.3/../../../../avr/lib/avrxmega2/crtx16a4.o
__vector_64                                       c:/winavr-20100110/bin/../lib/gcc/avr/4.3.3/../../../../avr/lib/avrxmega2/crtx16a4.o
__vector_65                                       c:/winavr-20100110/bin/../lib/gcc/avr/4.3.3/../../../../avr/lib/avrxmega2/crtx16a4.o
__vector_66                                       c:/winavr-20100110/bin/../lib/gcc/avr/4.3.3/../../../../avr/lib/avrxmega2/crtx16a4.o
__vector_67                                       c:/winavr-20100110/bin/../lib/gcc/avr/4.3.3/../../../../avr/lib/avrxmega2/crtx16a4.o
__vector_68                                       c:/winavr-20100110/bin/../lib/gcc/avr/4.3.3/../../../../avr/lib/avrxmega2/crtx16a4.o
__vector_69                                       c:/winavr-20100110/bin/../lib/gcc/avr/4.3.3/../../../../avr/lib/avrxmega2/crtx16a4.o
__vector_7                                        c:/winavr-20100110/bin/../lib/gcc/avr/4.3.3/../../../../avr/lib/avrxmega2/crtx16a4.o
__vector_70                                       c:/winavr-20100110/bin/../lib/gcc/avr/4.3.3/../../../../avr/lib/avrxmega2/crtx16a4.o
__vector_71                                       c:/winavr-20100110/bin/../lib/gcc/avr/4.3.3/../../../../avr/lib/avrxmega2/crtx16a4.o
__vector_72                                       c:/winavr-20100110/bin/../lib/gcc/avr/4.3.3/../../../../avr/lib/avrxmega2/crtx16a4.o
__vector_73                                       c:/winavr-20100110/bin/../lib/gcc/avr/4.3.3/../../../../avr/lib/avrxmega2/crtx16a4.o
__vector_74                                       c:/winavr-20100110/bin/../lib/gcc/avr/4.3.3/../../../../avr/lib/avrxmega2/crtx16a4.o
__vector_75                                       c:/winavr-20100110/bin/../lib/gcc/avr/4.3.3/../../../../avr/lib/avrxmega2/crtx16a4.o
__vector_76                                       c:/winavr-20100110/bin/../lib/gcc/avr/4.3.3/../../../../avr/lib/avrxmega2/crtx16a4.o
__vector_77                                       c:/winavr-20100110/bin/../lib/gcc/avr/4.3.3/../../../../avr/lib/avrxmega2/crtx16a4.o
__vector_78                                       c:/winavr-20100110/bin/../lib/gcc/avr/4.3.3/../../../../avr/lib/avrxmega2/crtx16a4.o
__vector_79                                       c:/winavr-20100110/bin/../lib/gcc/avr/4.3.3/../../../../avr/lib/avrxmega2/crtx16a4.o
__vector_8                                        c:/winavr-20100110/bin/../lib/gcc/avr/4.3.3/../../../../avr/lib/avrxmega2/crtx16a4.o
__vector_80                                       c:/winavr-20100110/bin/../lib/gcc/avr/4.3.3/../../../../avr/lib/avrxmega2/crtx16a4.o
__vector_81                                       c:/winavr-20100110/bin/../lib/gcc/avr/4.3.3/../../../../avr/lib/avrxmega2/crtx16a4.o
__vector_82                                       c:/winavr-20100110/bin/../lib/gcc/avr/4.3.3/../../../../avr/lib/avrxmega2/crtx16a4.o
__vector_83                                       c:/winavr-20100110/bin/../lib/gcc/avr/4.3.3/../../../../avr/lib/avrxmega2/crtx16a4.o
__vector_84                                       c:/winavr-20100110/bin/../lib/gcc/avr/4.3.3/../../../../avr/lib/avrxmega2/crtx16a4.o
__vector_85                                       c:/winavr-20100110/bin/../lib/gcc/avr/4.3.3/../../../../avr/lib/avrxmega2/crtx16a4.o
__vector_86                                       c:/winavr-20100110/bin/../lib/gcc/avr/4.3.3/../../../../avr/lib/avrxmega2/crtx16a4.o
__vector_87                                       c:/winavr-20100110/bin/../lib/gcc/avr/4.3.3/../../../../avr/lib/avrxmega2/crtx16a4.o
__vector_88                                       c:/winavr-20100110/bin/../lib/gcc/avr/4.3.3/../../../../avr/lib/avrxmega2/crtx16a4.o
__vector_89                                       c:/winavr-20100110/bin/../lib/gcc/avr/4.3.3/../../../../avr/lib/avrxmega2/crtx16a4.o
__vector_9                                        c:/winavr-20100110/bin/../lib/gcc/avr/4.3.3/../../../../avr/lib/avrxmega2/crtx16a4.o
__vector_90                                       c:/winavr-20100110/bin/../lib/gcc/avr/4.3.3/../../../../avr/lib/avrxmega2/crtx16a4.o
__vector_91                                       c:/winavr-20100110/bin/../lib/gcc/avr/4.3.3/../../../../avr/lib/avrxmega2/crtx16a4.o
__vector_92                                       c:/winavr-20100110/bin/../lib/gcc/avr/4.3.3/../../../../avr/lib/avrxmega2/crtx16a4.o
__vector_93                                       c:/winavr-20100110/bin/../lib/gcc/avr/4.3.3/../../../../avr/lib/avrxmega2/crtx16a4.o
__vector_default                                  c:/winavr-20100110/bin/../lib/gcc/avr/4.3.3/../../../../avr/lib/avrxmega2/crtx16a4.o
__vectors                                         c:/winavr-20100110/bin/../lib/gcc/avr/4.3.3/../../../../avr/lib/avrxmega2/crtx16a4.o
_exit                                             c:/winavr-20100110/bin/../lib/gcc/avr/4.3.3/avrxmega2\libgcc.a(_exit.o)
comm_mode                                         xboot.o
exit                                              c:/winavr-20100110/bin/../lib/gcc/avr/4.3.3/avrxmega2\libgcc.a(_exit.o)
                                                  c:/winavr-20100110/bin/../lib/gcc/avr/4.3.3/../../../../avr/lib/avrxmega2/crtx16a4.o
fifo_cur_char                                     fifo.o
fifo_deinit                                       fifo.o
fifo_init                                         fifo.o
fifo_send_char                                    fifo.o
fifo_send_char_blocking                           fifo.o
get_2bytes                                        xboot.o
get_char                                          xboot.o
i2c_deinit                                        i2c.o
i2c_init                                          i2c.o
main                                              xboot.o
                                                  c:/winavr-20100110/bin/../lib/gcc/avr/4.3.3/../../../../avr/lib/avrxmega2/crtx16a4.o
send_char                                         xboot.o
uart_deinit                                       uart.o
                                                  xboot.o
uart_init                                         uart.o
                                                  xboot.o
